\BOOKMARK [1][-]{section.1}{\376\377\000C\000o\000n\000t\000e\000x\000t\000o\000\040\000e\000\040\000P\000r\000o\000b\000l\000e\000m\000a}{}% 1
\BOOKMARK [2][-]{subsection.1.1}{\376\377\000C\000o\000n\000t\000e\000x\000t\000o\000\040\000A\000t\000u\000a\000l}{section.1}% 2
\BOOKMARK [2][-]{subsection.1.2}{\376\377\000P\000r\000o\000b\000l\000e\000m\000a\000s\000\040\000O\000b\000s\000e\000r\000v\000a\000d\000o\000s}{section.1}% 3
\BOOKMARK [2][-]{subsection.1.3}{\376\377\000I\000m\000p\000a\000c\000t\000o\000\040\000n\000o\000\040\000N\000e\000g\000\363\000c\000i\000o}{section.1}% 4
\BOOKMARK [1][-]{section.2}{\376\377\000O\000b\000j\000e\000t\000i\000v\000o\000\040\000d\000o\000\040\000S\000i\000s\000t\000e\000m\000a}{}% 5
\BOOKMARK [1][-]{section.3}{\376\377\000V\000i\000s\000\343\000o\000\040\000d\000a\000\040\000S\000o\000l\000u\000\347\000\343\000o}{}% 6
\BOOKMARK [2][-]{subsection.3.1}{\376\377\000V\000i\000s\000\343\000o\000\040\000G\000e\000r\000a\000l\000\040\000d\000a\000\040\000S\000o\000l\000u\000\347\000\343\000o}{section.3}% 7
\BOOKMARK [2][-]{subsection.3.2}{\376\377\000A\000b\000o\000r\000d\000a\000g\000e\000m\000\040\000d\000e\000\040\000V\000a\000l\000i\000d\000a\000\347\000\343\000o}{section.3}% 8
\BOOKMARK [2][-]{subsection.3.3}{\376\377\000C\000o\000m\000p\000o\000n\000e\000n\000t\000e\000s\000\040\000d\000a\000\040\000S\000o\000l\000u\000\347\000\343\000o}{section.3}% 9
\BOOKMARK [2][-]{subsection.3.4}{\376\377\000L\000i\000m\000i\000t\000e\000s\000\040\000e\000\040\000I\000n\000t\000e\000g\000r\000a\000\347\000\365\000e\000s}{section.3}% 10
\BOOKMARK [2][-]{subsection.3.5}{\376\377\000E\000v\000o\000l\000u\000\347\000\343\000o\000\040\000d\000a\000\040\000S\000o\000l\000u\000\347\000\343\000o}{section.3}% 11
\BOOKMARK [1][-]{section.4}{\376\377\000S\000t\000a\000k\000e\000h\000o\000l\000d\000e\000r\000s\000\040\000e\000\040\000I\000m\000p\000a\000c\000t\000o}{}% 12
\BOOKMARK [2][-]{subsection.4.1}{\376\377\000S\000t\000a\000k\000e\000h\000o\000l\000d\000e\000r\000s\000\040\000I\000d\000e\000n\000t\000i\000f\000i\000c\000a\000d\000o\000s}{section.4}% 13
\BOOKMARK [2][-]{subsection.4.2}{\376\377\000I\000m\000p\000a\000c\000t\000o\000\040\000p\000o\000r\000\040\000S\000t\000a\000k\000e\000h\000o\000l\000d\000e\000r}{section.4}% 14
\BOOKMARK [3][-]{subsubsection.4.2.1}{\376\377\000R\000C\000M\000\040\000e\000\040\000G\000l\000o\000b\000a\000l}{subsection.4.2}% 15
\BOOKMARK [3][-]{subsubsection.4.2.2}{\376\377\000S\000q\000u\000a\000d\000\040\000P\000a\000r\000t\000n\000e\000r\000s\000\040\000\050\000E\000n\000g\000e\000n\000h\000a\000r\000i\000a\000\040\000d\000e\000\040\000I\000n\000t\000e\000g\000r\000a\000\347\000\365\000e\000s\000\051}{subsection.4.2}% 16
\BOOKMARK [3][-]{subsubsection.4.2.3}{\376\377\000E\000q\000u\000i\000p\000e\000\040\000d\000e\000\040\000S\000u\000s\000t\000e\000n\000t\000a\000\347\000\343\000o\000\040\000\050\000N\0001\000\051}{subsection.4.2}% 17
\BOOKMARK [3][-]{subsubsection.4.2.4}{\376\377\000L\000i\000d\000e\000r\000a\000n\000\347\000a\000\040\000T\000\351\000c\000n\000i\000c\000a\000\040\000e\000\040\000A\000r\000q\000u\000i\000t\000e\000t\000u\000r\000a}{subsection.4.2}% 18
\BOOKMARK [1][-]{section.5}{\376\377\000A\000r\000q\000u\000i\000t\000e\000t\000u\000r\000a\000\040\000C\000o\000n\000c\000e\000i\000t\000u\000a\000l}{}% 19
\BOOKMARK [2][-]{subsection.5.1}{\376\377\000V\000i\000s\000\343\000o\000\040\000G\000e\000r\000a\000l}{section.5}% 20
\BOOKMARK [2][-]{subsection.5.2}{\376\377\000V\000i\000s\000\343\000o\000\040\000C\000o\000n\000c\000e\000i\000t\000u\000a\000l\000\040\000d\000o\000\040\000F\000l\000u\000x\000o}{section.5}% 21
\BOOKMARK [2][-]{subsection.5.3}{\376\377\000C\000o\000m\000p\000o\000n\000e\000n\000t\000e\000s\000\040\000C\000o\000n\000c\000e\000i\000t\000u\000a\000i\000s}{section.5}% 22
\BOOKMARK [3][-]{subsubsection.5.3.1}{\376\377\000R\000e\000s\000t}{subsection.5.3}% 23
\BOOKMARK [3][-]{subsubsection.5.3.2}{\376\377\000I\000n\000t\000e\000g\000r\000a\000d\000o\000r}{subsection.5.3}% 24
\BOOKMARK [3][-]{subsubsection.5.3.3}{\376\377\000S\000h\000a\000d\000o\000w\000\040\000M\000o\000d\000e\000\040\000E\000x\000e\000c\000u\000t\000o\000r}{subsection.5.3}% 25
\BOOKMARK [3][-]{subsubsection.5.3.4}{\376\377\000G\000o\000l\000d\000e\000n\000\040\000M\000a\000s\000t\000e\000r\000\040\000C\000o\000m\000p\000a\000r\000a\000t\000o\000r}{subsection.5.3}% 26
\BOOKMARK [3][-]{subsubsection.5.3.5}{\376\377\000C\000a\000m\000a\000d\000a\000\040\000d\000e\000\040\000P\000e\000r\000s\000i\000s\000t\000\352\000n\000c\000i\000a}{subsection.5.3}% 27
\BOOKMARK [3][-]{subsubsection.5.3.6}{\376\377\000D\000a\000s\000h\000b\000o\000a\000r\000d\000\040\000d\000e\000\040\000V\000a\000l\000i\000d\000a\000\347\000\343\000o\000\040\000e\000\040\000O\000b\000s\000e\000r\000v\000a\000b\000i\000l\000i\000d\000a\000d\000e}{subsection.5.3}% 28
\BOOKMARK [2][-]{subsection.5.4}{\376\377\000M\000o\000d\000e\000l\000o\000\040\000C\000o\000n\000c\000e\000i\000t\000u\000a\000l\000\040\000d\000e\000\040\000D\000a\000d\000o\000s}{section.5}% 29
\BOOKMARK [2][-]{subsection.5.5}{\376\377\000P\000a\000p\000e\000l\000\040\000d\000a\000\040\000A\000r\000q\000u\000i\000t\000e\000t\000u\000r\000a\000\040\000n\000o\000\040\000P\000r\000o\000c\000e\000s\000s\000o\000\040\000d\000e\000\040\000M\000i\000g\000r\000a\000\347\000\343\000o}{section.5}% 30
\BOOKMARK [1][-]{section.6}{\376\377\000E\000s\000c\000o\000p\000o\000\040\000d\000o\000\040\000M\000V\000P}{}% 31
\BOOKMARK [2][-]{subsection.6.1}{\376\377\000O\000b\000j\000e\000t\000i\000v\000o\000\040\000d\000o\000\040\000M\000V\000P}{section.6}% 32
\BOOKMARK [2][-]{subsection.6.2}{\376\377\000F\000u\000n\000c\000i\000o\000n\000a\000l\000i\000d\000a\000d\000e\000s\000\040\000i\000n\000c\000l\000u\000\355\000d\000a\000s}{section.6}% 33
\BOOKMARK [2][-]{subsection.6.3}{\376\377\000E\000s\000c\000o\000p\000o\000\040\000f\000u\000n\000c\000i\000o\000n\000a\000l\000\040\000i\000n\000i\000c\000i\000a\000l}{section.6}% 34
\BOOKMARK [2][-]{subsection.6.4}{\376\377\000I\000t\000e\000n\000s\000\040\000f\000o\000r\000a\000\040\000d\000o\000\040\000e\000s\000c\000o\000p\000o\000\040\000d\000o\000\040\000M\000V\000P}{section.6}% 35
\BOOKMARK [2][-]{subsection.6.5}{\376\377\000E\000s\000t\000r\000a\000t\000\351\000g\000i\000a\000\040\000d\000e\000\040\000i\000m\000p\000l\000e\000m\000e\000n\000t\000a\000\347\000\343\000o}{section.6}% 36
\BOOKMARK [2][-]{subsection.6.6}{\376\377\000C\000r\000i\000t\000\351\000r\000i\000o\000\040\000d\000e\000\040\000s\000u\000c\000e\000s\000s\000o\000\040\000d\000o\000\040\000M\000V\000P}{section.6}% 37
\BOOKMARK [1][-]{section.7}{\376\377\000E\000s\000t\000r\000a\000t\000\351\000g\000i\000a\000\040\000d\000e\000\040\000V\000a\000l\000i\000d\000a\000\347\000\343\000o}{}% 38
\BOOKMARK [2][-]{subsection.7.1}{\376\377\000V\000i\000s\000\343\000o\000\040\000G\000e\000r\000a\000l\000\040\000d\000a\000\040\000E\000s\000t\000r\000a\000t\000\351\000g\000i\000a}{section.7}% 39
\BOOKMARK [2][-]{subsection.7.2}{\376\377\000E\000x\000e\000c\000u\000\347\000\343\000o\000\040\000e\000m\000\040\000S\000h\000a\000d\000o\000w\000\040\000M\000o\000d\000e}{section.7}% 40
\BOOKMARK [2][-]{subsection.7.3}{\376\377\000G\000o\000l\000d\000e\000n\000\040\000M\000a\000s\000t\000e\000r\000\040\000T\000e\000s\000t\000i\000n\000g}{section.7}% 41
\BOOKMARK [2][-]{subsection.7.4}{\376\377\000P\000r\000o\000c\000e\000s\000s\000o\000\040\000d\000e\000\040\000V\000a\000l\000i\000d\000a\000\347\000\343\000o}{section.7}% 42
\BOOKMARK [2][-]{subsection.7.5}{\376\377\000C\000l\000a\000s\000s\000i\000f\000i\000c\000a\000\347\000\343\000o\000\040\000d\000e\000\040\000D\000i\000v\000e\000r\000g\000\352\000n\000c\000i\000a\000s}{section.7}% 43
\BOOKMARK [2][-]{subsection.7.6}{\376\377\000C\000l\000a\000s\000s\000i\000f\000i\000c\000a\000\347\000\343\000o\000\040\000d\000e\000\040\000D\000i\000v\000e\000r\000g\000\352\000n\000c\000i\000a\000s}{section.7}% 44
\BOOKMARK [2][-]{subsection.7.7}{\376\377\000B\000e\000n\000e\000f\000\355\000c\000i\000o\000s\000\040\000d\000a\000\040\000A\000b\000o\000r\000d\000a\000g\000e\000m}{section.7}% 45
\BOOKMARK [1][-]{section.8}{\376\377\000R\000i\000s\000c\000o\000s\000\040\000e\000\040\000M\000i\000t\000i\000g\000a\000\347\000\365\000e\000s}{}% 46
\BOOKMARK [2][-]{subsection.8.1}{\376\377\000I\000m\000p\000a\000c\000t\000o\000\040\000d\000e\000\040\000p\000e\000r\000f\000o\000r\000m\000a\000n\000c\000e\000\040\000n\000o\000\040\000s\000i\000s\000t\000e\000m\000a\000\040\000l\000e\000g\000a\000d\000o}{section.8}% 47
\BOOKMARK [2][-]{subsection.8.2}{\376\377\000A\000u\000m\000e\000n\000t\000o\000\040\000d\000e\000\040\000l\000a\000t\000\352\000n\000c\000i\000a\000\040\000n\000o\000\040\000f\000l\000u\000x\000o\000\040\000d\000o\000\040\000u\000s\000u\000\341\000r\000i\000o}{section.8}% 48
\BOOKMARK [2][-]{subsection.8.3}{\376\377\000V\000o\000l\000u\000m\000e\000\040\000e\000l\000e\000v\000a\000d\000o\000\040\000d\000e\000\040\000d\000a\000d\000o\000s\000\040\000g\000e\000r\000a\000d\000o\000s}{section.8}% 49
\BOOKMARK [2][-]{subsection.8.4}{\376\377\000F\000a\000l\000h\000a\000s\000\040\000n\000o\000\040\000I\000n\000t\000e\000g\000r\000a\000d\000o\000r\000\040\000i\000m\000p\000a\000c\000t\000a\000n\000d\000o\000\040\000o\000\040\000S\000h\000a\000d\000o\000w\000\040\000M\000o\000d\000e}{section.8}% 50
\BOOKMARK [1][-]{section.9}{\376\377\000R\000o\000a\000d\000m\000a\000p\000\040\000d\000e\000\040\000I\000m\000p\000l\000e\000m\000e\000n\000t\000a\000\347\000\343\000o}{}% 51
\BOOKMARK [2][-]{subsection.9.1}{\376\377\000V\000i\000s\000\343\000o\000\040\000G\000e\000r\000a\000l}{section.9}% 52
\BOOKMARK [2][-]{subsection.9.2}{\376\377\000E\000s\000t\000r\000a\000t\000\351\000g\000i\000a\000\040\000d\000e\000\040\000E\000x\000e\000c\000u\000\347\000\343\000o}{section.9}% 53
\BOOKMARK [2][-]{subsection.9.3}{\376\377\000F\000a\000s\000e\000s\000\040\000d\000e\000\040\000I\000m\000p\000l\000e\000m\000e\000n\000t\000a\000\347\000\343\000o}{section.9}% 54
\BOOKMARK [1][-]{section.10}{\376\377\000R\000e\000s\000u\000l\000t\000a\000d\000o\000s\000\040\000E\000s\000p\000e\000r\000a\000d\000o\000s}{}% 55
\BOOKMARK [2][-]{subsection.10.1}{\376\377\000R\000e\000s\000u\000l\000t\000a\000d\000o\000s\000\040\000n\000o\000\040\000c\000u\000r\000t\000o\000\040\000p\000r\000a\000z\000o}{section.10}% 56
\BOOKMARK [2][-]{subsection.10.2}{\376\377\000R\000e\000s\000u\000l\000t\000a\000d\000o\000s\000\040\000n\000o\000\040\000m\000\351\000d\000i\000o\000\040\000p\000r\000a\000z\000o}{section.10}% 57
\BOOKMARK [2][-]{subsection.10.3}{\376\377\000R\000e\000s\000u\000l\000t\000a\000d\000o\000s\000\040\000n\000o\000\040\000l\000o\000n\000g\000o\000\040\000p\000r\000a\000z\000o}{section.10}% 58
\BOOKMARK [2][-]{subsection.10.4}{\376\377\000I\000m\000p\000a\000c\000t\000o\000\040\000o\000r\000g\000a\000n\000i\000z\000a\000c\000i\000o\000n\000a\000l}{section.10}% 59
\BOOKMARK [2][-]{subsection.10.5}{\376\377\000C\000o\000n\000c\000l\000u\000s\000\343\000o}{section.10}% 60
